
main:     file format elf32-littleriscv
main
architecture: riscv:rv32, flags 0x00000112:
EXEC_P, HAS_SYMS, D_PAGED
start address 0x00000000

Program Header:
0x70000003 off    0x0000301a vaddr 0x00000000 paddr 0x00000000 align 2**0
         filesz 0x00000035 memsz 0x00000000 flags r--
    LOAD off    0x00001000 vaddr 0x00000000 paddr 0x00000000 align 2**12
         filesz 0x00000290 memsz 0x00000290 flags r-x
    LOAD off    0x00002000 vaddr 0x00010000 paddr 0x20000000 align 2**12
         filesz 0x00000d40 memsz 0x00000d40 flags r-x
    LOAD off    0x00000000 vaddr 0x20100000 paddr 0x20100000 align 2**12
         filesz 0x00000000 memsz 0x00001000 flags rw-
    LOAD off    0x00003000 vaddr 0x00020000 paddr 0x20101000 align 2**12
         filesz 0x00000008 memsz 0x00001008 flags rw-

Sections:
Idx Name          Size      VMA       LMA       File off  Algn
  0 .text0        00000290  00000000  00000000  00001000  2**2
                  CONTENTS, ALLOC, LOAD, READONLY, CODE
  1 .text1        00000d3c  00010000  20000000  00002000  2**2
                  CONTENTS, ALLOC, LOAD, READONLY, CODE
  2 .rodata       00000004  00010d3c  20000d3c  00002d3c  2**0
                  CONTENTS, ALLOC, LOAD, READONLY, DATA
  3 _test         00001000  20100000  20100000  00003000  2**0
                  ALLOC
  4 .sdata        00000008  00020000  20101000  00003000  2**2
                  CONTENTS, ALLOC, LOAD, DATA
  5 .data         00000000  00020008  20101008  00003008  2**0
                  CONTENTS, ALLOC, LOAD, DATA
  6 .bss          00000000  00020008  20101008  00003008  2**0
                  ALLOC
  7 .stack        00001000  00020008  20101008  00003008  2**0
                  ALLOC
  8 .comment      00000012  00000000  00000000  00003008  2**0
                  CONTENTS, READONLY
  9 .riscv.attributes 00000035  00000000  00000000  0000301a  2**0
                  CONTENTS, READONLY
SYMBOL TABLE:
00000000 l    d  .text0	00000000 .text0
00010000 l    d  .text1	00000000 .text1
00010d3c l    d  .rodata	00000000 .rodata
20100000 l    d  _test	00000000 _test
00020000 l    d  .sdata	00000000 .sdata
00020008 l    d  .data	00000000 .data
00020008 l    d  .bss	00000000 .bss
00020008 l    d  .stack	00000000 .stack
00000000 l    d  .comment	00000000 .comment
00000000 l    d  .riscv.attributes	00000000 .riscv.attributes
00000000 l    df *ABS*	00000000 setup.o
00000084 l       .text0	00000000 init_bss
00000108 l       .text0	00000000 fill_block
0000009c l       .text0	00000000 init_sbss
000000b4 l       .text0	00000000 write_stack_pattern
000000cc l       .text0	00000000 init_stack
000000d4 l       .text0	00000000 write_test_pattern
000000ec l       .text0	00000000 SystemInit
000000f4 l       .text0	00000000 SystemExit
00000104 l       .text0	00000000 dead_loop
00000118 l       .text0	00000000 fb_end
00000000 l    df *ABS*	00000000 boot.c
00000000 l    df *ABS*	00000000 isr.o
00000000 l    df *ABS*	00000000 main1.c
00000000 l    df *ABS*	00000000 main.o
000101d4 l       .text1	00000000 add
00010210 l       .text1	00000000 sub
0001024c l       .text1	00000000 sll
00010288 l       .text1	00000000 slt
000102c4 l       .text1	00000000 sltu
00010304 l       .text1	00000000 xor
00010348 l       .text1	00000000 srl
0001038c l       .text1	00000000 sra
000103d0 l       .text1	00000000 or
00010418 l       .text1	00000000 and
0001045c l       .text1	00000000 load
00010d3c l       .rodata	00000000 lw_data
00010500 l       .text1	00000000 addi
0001054c l       .text1	00000000 slti
00010598 l       .text1	00000000 sltiu
000105e8 l       .text1	00000000 xori
00010634 l       .text1	00000000 ori
00010680 l       .text1	00000000 andi
000106d4 l       .text1	00000000 slli
00010724 l       .text1	00000000 srli
00010778 l       .text1	00000000 srai
000107cc l       .text1	00000000 jalr
00010850 l       .text1	00000000 store
000108b8 l       .text1	00000000 beq
00010918 l       .text1	00000000 bne
00010978 l       .text1	00000000 blt
00010a00 l       .text1	00000000 bge
00010a7c l       .text1	00000000 bltu
00010af8 l       .text1	00000000 bgeu
00010b74 l       .text1	00000000 auipc
00010b90 l       .text1	00000000 lui
00010bac l       .text1	00000000 jal
00010bd0 l       .text1	00000000 csrrw
00010c70 l       .text1	00000000 csrrwi
00010cb0 l       .text1	00000000 csrrs
00010cd4 l       .text1	00000000 csrrsi
00010cf0 l       .text1	00000000 csrrc
00010d14 l       .text1	00000000 csrrci
00010d30 l       .text1	00000000 main_exit
00020004 g     O .sdata	00000004 dma_addr_boot
20100000 g       _test	00000000 _test_start
20101008 g       *ABS*	00000000 __data_paddr_start
00020000 g       _test	00000000 __sbss_start
00020800 g       .sdata	00000000 _gp
20101000 g       _test	00000000 _test_end
00010000 g       .text1	00000000 _imem_start
00001000 g       *ABS*	00000000 _TEST_SIZE
20101000 g       *ABS*	00000000 __sdata_paddr_start
00020000 g       .sdata	00000000 __sdata_start
00010d40 g       .rodata	00000000 __rodata_end
0000011c g     F .text0	00000174 boot
00020008 g       .bss	00000000 __bss_end
00010170 g     F .text1	00000054 trap_handler
00020000 g       _test	00000000 __sbss_end
00000000 g       .text0	00000000 _start
00010d3c g       .rodata	00000000 __rodata_start
00010108 g     F .text1	00000034 timer_interrupt_handler
0001013c g     F .text1	00000034 external_interrupt_handler
00020008 g       .data	00000000 __data_end
20000000 g       .rodata	00000000 _dram_i_start
00020008 g       .bss	00000000 __bss_start
00001000 g       *ABS*	00000000 _STACK_SIZE
0002fffc g       .stack	00000000 _sim_end
000101c4 g       .text1	00000000 main
00010000 g       .text1	00000000 trap_entry
00020008 g       .stack	00000000 _stack_end
00020008 g       .sdata	00000000 __sdata_end
20000d40 g       .rodata	00000000 _dram_i_end
00021008 g       .stack	00000000 __stack
00030000 g       .stack	00000000 _end
00021008 g       .stack	00000000 _stack
00020000 g     O .sdata	00000004 WDT_addr
00020008 g       .data	00000000 __data_start


Contents of section .text0:
 0000 93000000 13010000 93010000 13020000  ................
 0010 93020000 13030000 93030000 13040000  ................
 0020 93040000 13050000 93050000 13060000  ................
 0030 93060000 13070000 93070000 13080000  ................
 0040 93080000 13090000 93090000 130a0000  ................
 0050 930a0000 130b0000 930b0000 130c0000  ................
 0060 930c0000 130d0000 930d0000 130e0000  ................
 0070 930e0000 130f0000 930f0000 97010200  ................
 0080 93814178 17050200 130545f8 97050200  ..Ax......E.....
 0090 938585f7 13060000 ef000007 17050200  ................
 00a0 130545f6 97050200 938585f5 13060000  ..E.............
 00b0 ef008005 17050200 130545f5 97150200  ..........E.....
 00c0 938585f4 13060000 ef000004 17110200  ................
 00d0 1301c1f3 17051020 1305c5f2 97151020  ....... ....... 
 00e0 938505f2 13060000 ef000002 ef000003  ................
 00f0 ef00410d 97020300 938282f0 1303f0ff  ..A.............
 0100 23a06200 6f000000 63e8a500 2320c500  #.b.o...c...# ..
 0110 13054500 6ff05fff 67800000 130101fd  ..E.o._.g.......
 0120 23268102 13040103 b7070210 93870720  #&............. 
 0130 2326f4fe b7070210 93870730 2324f4fe  #&.........0#$..
 0140 b7070210 93870740 2322f4fe b7070210  .......@#"......
 0150 93870710 2320f4fe 73600430 b71f0000  ....# ..s`.0....
 0160 938f0f80 73a04f30 b7170020 138707d4  ....s.O0... ....
 0170 b7070020 93870700 b307f740 93d72740  ... .......@..'@
 0180 93871700 232ef4fc b7070020 13870700  ....#...... ....
 0190 8327c4fe 23a0e700 b7070100 13870700  .'..#...........
 01a0 832784fe 23a0e700 0327c4fd 832744fe  .'..#....'...'D.
 01b0 23a0e700 832704fe 13071000 23a0e700  #....'......#...
 01c0 73005010 b7070200 1387c700 b7070200  s.P.............
 01d0 93878700 b307f740 93d72740 232ef4fc  .......@..'@#...
 01e0 b7171020 13878700 8327c4fe 23a0e700  ... .....'..#...
 01f0 b7070200 13878700 832784fe 23a0e700  .........'..#...
 0200 0327c4fd 832744fe 23a0e700 832704fe  .'...'D.#....'..
 0210 13071000 23a0e700 73005010 b7070200  ....#...s.P.....
 0220 1387c700 b7070200 93870700 b307f740  ...............@
 0230 93d72740 232ef4fc b7171020 13870700  ..'@#...... ....
 0240 8327c4fe 23a0e700 b7070200 13870700  .'..#...........
 0250 832784fe 23a0e700 0327c4fd 832744fe  .'..#....'...'D.
 0260 23a0e700 832704fe 13071000 23a0e700  #....'......#...
 0270 73005010 73500030 930f0000 73904f30  s.P.sP.0....s.O0
 0280 13000000 0324c102 13010103 67800000  .....$......g...
Contents of section .text1:
 10000 130141f8 23201100 23222100 23243100  ..A.# ..#"!.#$1.
 10010 23264100 23285100 232a6100 232c7100  #&A.#(Q.#*a.#,q.
 10020 232e8100 23209102 2322a102 2324b102  #...# ..#"..#$..
 10030 2326c102 2328d102 232ae102 232cf102  #&..#(..#*..#,..
 10040 232e0103 23201105 23222105 23243105  #...# ..#"!.#$1.
 10050 23264105 23285105 232a6105 232c7105  #&A.#(Q.#*a.#,q.
 10060 232e8105 23209107 2322a107 2324b107  #...# ..#"..#$..
 10070 2326c107 2328d107 232ae107 232cf107  #&..#(..#*..#,..
 10080 ef00000f 83200100 03214100 83218100  ..... ...!A..!..
 10090 0322c100 83220101 03234101 83238101  ."..."...#A..#..
 100a0 0324c101 83240102 03254102 83258102  .$...$...%A..%..
 100b0 0326c102 83260103 03274103 83278103  .&...&...'A..'..
 100c0 0328c103 83280104 03294104 83298104  .(...(...)A..)..
 100d0 032ac104 832a0105 032b4105 832b8105  .*...*...+A..+..
 100e0 032cc105 832c0106 032d4106 832d8106  .,...,...-A..-..
 100f0 032ec106 832e0107 032f4107 832f8107  ........./A../..
 10100 1301c107 73002030 130101ff 23268100  ....s. 0....#&..
 10110 13040101 73600030 b7070200 83a70700  ....s`.0........
 10120 93870710 23a00700 6ff09eed 13000000  ....#...o.......
 10130 0324c100 13010101 67800000 130101fe  .$......g.......
 10140 232e8100 13040102 b7070210 2326f4fe  #...........#&..
 10150 73600030 8327c4fe 93870710 23a00700  s`.0.'......#...
 10160 13000000 0324c101 13010102 67800000  .....$......g...
 10170 130101fe 232e1100 232c8100 13040102  ....#...#,......
 10180 f3274034 2326f4fe 8327c4fe 93f70708  .'@4#&...'......
 10190 63840700 eff05ff7 0327c4fe b7170000  c....._..'......
 101a0 93870780 b377f700 63840700 eff01ff9  .....w..c.......
 101b0 13000000 8320c101 03248101 13010102  ..... ...$......
 101c0 67800000 1301c1ff 23208100 17040f20  g.......# ..... 
 101d0 130444e3 9302f0ff 1303f0ff b3826200  ..D...........b.
 101e0 b3826200 b3826200 b3826200 b3826200  ..b...b...b...b.
 101f0 1303e0ff b3025300 b3025300 b3025300  ......S...S...S.
 10200 b3025300 b3025300 23205400 13044400  ..S...S.# T...D.
 10210 93020000 1303f0ff b3826240 b3826240  ..........b@..b@
 10220 b3826240 b3826240 b3826240 1303d0ff  ..b@..b@..b@....
 10230 b3025340 b3025340 b3025340 b3025340  ..S@..S@..S@..S@
 10240 b3025340 23205400 13044400 93021000  ..S@# T...D.....
 10250 13031000 b3926200 b3926200 b3926200  ......b...b...b.
 10260 b3926200 b3926200 13032000 b3125300  ..b...b... ...S.
 10270 b3125300 b3125300 b3125300 b3125300  ..S...S...S...S.
 10280 23205400 13044400 9302f0ff 13031000  # T...D.........
 10290 b3a26200 b3a26200 b3a26200 b3a26200  ..b...b...b...b.
 102a0 b3a26200 1303f0ff b3225300 b3225300  ..b......"S.."S.
 102b0 b3225300 b3225300 b3225300 23205400  ."S.."S.."S.# T.
 102c0 13044400 9302f0ff 13031000 b3b26200  ..D...........b.
 102d0 b3b26200 b3b26200 b3b26200 b3b26200  ..b...b...b...b.
 102e0 b3b26200 13030000 b3325300 b3325300  ..b......2S..2S.
 102f0 b3325300 b3325300 b3325300 23205400  .2S..2S..2S.# T.
 10300 13044400 9302f0ff 37f3f0f0 1303030f  ..D.....7.......
 10310 b3c26200 b3c26200 b3c26200 b3c26200  ..b...b...b...b.
 10320 b3c26200 37737777 13037377 b3425300  ..b.7sww..sw.BS.
 10330 b3425300 b3425300 b3425300 b3425300  .BS..BS..BS..BS.
 10340 23205400 13044400 9302f0ff 37b3ec75  # T...D.....7..u
 10350 13034386 b3d26200 b3d26200 b3d26200  ..C...b...b...b.
 10360 b3d26200 b3d26200 37533412 13038367  ..b...b.7S4....g
 10370 b3525300 b3525300 b3525300 b3525300  .RS..RS..RS..RS.
 10380 b3525300 23205400 13044400 b7426587  .RS.# T...D..Be.
 10390 93821232 13034000 b3d26240 b3d26240  ...2..@...b@..b@
 103a0 b3d26240 b3d26240 b3d26240 37737777  ..b@..b@..b@7sww
 103b0 13037377 b3525340 b3525340 b3525340  ..sw.RS@.RS@.RS@
 103c0 b3525340 b3525340 23205400 13044400  .RS@.RS@# T...D.
 103d0 b7523412 93828267 37c3dcfe 130383a9  .R4....g7.......
 103e0 b3e26200 b3e26200 b3e26200 b3e26200  ..b...b...b...b.
 103f0 b3e26200 37034062 13035328 b3625300  ..b.7.@b..S(.bS.
 10400 b3625300 b3625300 b3625300 b3625300  .bS..bS..bS..bS.
 10410 23205400 13044400 b7523412 93828267  # T...D..R4....g
 10420 1303f0ff b3f26200 b3f26200 b3f26200  ......b...b...b.
 10430 b3f26200 b3f26200 37f3f0f0 1303030f  ..b...b.7.......
 10440 b3725300 b3725300 b3725300 b3725300  .rS..rS..rS..rS.
 10450 b3725300 23205400 13044400 17130000  .rS.# T...D.....
 10460 1303038e 83220300 1301c1fe 23205100  ....."......# Q.
 10470 93020100 23225100 93024100 23245100  ....#"Q...A.#$Q.
 10480 93028100 23265100 9302c100 23285100  ....#&Q.....#(Q.
 10490 93020101 83a20200 83a20200 83a20200  ................
 104a0 83a20200 83a20200 13014101 0323c1ff  ..........A..#..
 104b0 832381ff 032e41ff 832e01ff 032fc1fe  .#....A....../..
 104c0 3303d301 b383c301 33037340 3303e301  3.......3.s@3...
 104d0 b3826200 13040401 232854fe 030304ff  ..b.....#(T.....
 104e0 831304ff 034e04ff 835e04ff 232a64fe  .....N...^..#*d.
 104f0 232c74fe 232ec4ff 2320d401 13044400  #,t.#...# ....D.
 10500 9302f0ff 9382f2ff 93825276 93828288  ..........Rv....
 10510 93822243 9382c2ab 13031052 930323ce  .."C.......R..#.
 10520 130eb313 930e9349 130f1380 930f83a6  .......I........
 10530 b383c301 b38eee01 b382f201 b383d301  ................
 10540 b3827200 23205400 13044400 9302f0ff  ..r.# T...D.....
 10550 93a2f2ff 93a2823e 93a20283 93a21200  .......>........
 10560 93a27245 130360c6 932343c9 132eb322  ..rE..`..#C...."
 10570 932e4383 132f0300 932f63c6 b383c301  ..C../.../c.....
 10580 b38eee01 b382f201 b383d301 b3827200  ..............r.
 10590 23205400 13044400 9302e0ff 93b2f2ff  # T...D.........
 105a0 93b2823e 93b20283 93b212f0 93b21200  ...>............
 105b0 37c3aaaa 1303b3bb 933343c9 133eb322  7........3C..>."
 105c0 933e4383 133f0300 933f63c6 b383c301  .>C..?...?c.....
 105d0 b38eee01 b382f201 b383d301 b3827200  ..............r.
 105e0 23205400 13044400 9302f0ff 93c2b207  # T...D.........
 105f0 93c25297 93c212cc 93c2127f 93c2324a  ..R...........2J
 10600 13037038 934333ee 134e430a 934e636e  ..p8.C3..NC..Ncn
 10610 134f9389 934f934b b383c301 b38eee01  .O...O.K........
 10620 b382f201 b383d301 b3827200 23205400  ..........r.# T.
 10630 13044400 93021000 93e2c21b 93e2526e  ..D...........Rn
 10640 93e2d2ed 93e2c209 93e22250 13033078  .........."P..0x
 10650 9363d311 136ec3f5 936ea391 136f7376  .c...n...n...osv
 10660 936f73b4 b383c301 b38eee01 b382f201  .os.............
 10670 b383d301 b3827200 23205400 13044400  ......r.# T...D.
 10680 b7f2cdab 938282f9 93f232eb 93f242f4  ..........2...B.
 10690 93f29220 93f272e8 93f25235 37533412  ... ..r...R57S4.
 106a0 13038367 9373137f 137ea30d 937e43ec  ...g.s...~...~C.
 106b0 137ff34a 937f93cf b383c301 b38eee01  ...J............
 106c0 b382f201 b383d301 b3827200 23205400  ..........r.# T.
 106d0 13044400 9302a000 93922200 93925200  ..D......."...R.
 106e0 93927200 9392a200 93926200 3743b21a  ..r.......b.7C..
 106f0 130343cd 9313f300 131e6300 931ec301  ..C.......c.....
 10700 131f1301 931f7300 b383c301 b38eee01  ......s.........
 10710 b382f201 b383d301 b3827200 23205400  ..........r.# T.
 10720 13044400 b7c2b2a1 9382423d 93d23200  ..D.......B=..2.
 10730 93d24200 93d26200 93d2b200 93d27200  ..B...b.......r.
 10740 3783bfaa 1303c390 93539301 135e0301  7........S...^..
 10750 935e2301 135fb301 935f1301 b383c301  .^#.._..._......
 10760 b38eee01 b382f201 b383d301 b3827200  ..............r.
 10770 23205400 13044400 b7c2b2a1 9382423d  # T...D.......B=
 10780 93d25240 93d22240 93d28240 93d29240  ..R@.."@...@...@
 10790 93d24240 3783bfaa 1303c390 9353d340  ..B@7........S.@
 107a0 135e8340 935e9340 135fe340 935f4340  .^.@.^.@._.@._C@
 107b0 b383c301 b38eee01 b382f201 b383d301  ................
 107c0 b3827200 23205400 13044400 b7f2ffff  ..r.# T...D.....
 107d0 17030000 13030302 67030300 93e21200  ........g.......
 107e0 67034300 93e24200 67034300 93e20201  g.C...B.g.C.....
 107f0 67034300 93e21200 67034300 93e28200  g.C.....g.C.....
 10800 17030000 13030303 e70303fe 93e20202  ................
 10810 670e83fe 93e20204 e70e03ff 93e20208  g...............
 10820 670f83ff 93e20210 e70f0300 93e20220  g.............. 
 10830 b383c341 b38eee41 b38f6f40 b383d301  ...A...A..o@....
 10840 3383f301 b3926200 23205400 13044400  3.....b.# T...D.
 10850 9302f000 1303000f b7130000 938303f0  ................
 10860 37fe0000 b75e3412 938e8e67 13044401  7....^4....g..D.
 10870 232e54fe 232c64fe 232a74fe 2328c4ff  #.T.#,d.#*t.#(..
 10880 2326d4ff 13044401 032f84fd 832e04ff  #&....D../......
 10890 232ee4ff 230ce4ff 231ae4ff a309e4ff  #...#...#.......
 108a0 2317e4ff 832204ff 0323c4fe b3035300  #...."...#....S.
 108b0 13044400 232e74fe b7f2ffff 37f3ffff  ..D.#.t.....7...
 108c0 37130000 130303ff 638c6202 638a6202  7.......c.b.c.b.
 108d0 63886202 63866202 63846202 37f3ffff  c.b.c.b.c.b.7...
 108e0 37130000 1303f3ff 630c5300 630a5300  7.......c.S.c.S.
 108f0 63085300 63065300 63045300 6f008000  c.S.c.S.c.S.o...
 10900 93e21200 1343f3ff 63846200 93e22200  .....C..c.b...".
 10910 23205400 13044400 b7f2ffff 37130000  # T...D.....7...
 10920 130303ff 37f3ffff 639c6202 639a6202  ....7...c.b.c.b.
 10930 63986202 63966202 63946202 37130000  c.b.c.b.c.b.7...
 10940 1303f3ff 37f3ffff 631c5300 631a5300  ....7...c.S.c.S.
 10950 63185300 63165300 63145300 6f008000  c.S.c.S.c.S.o...
 10960 93e21200 1343f3ff 63946200 93e22200  .....C..c.b...".
 10970 23205400 13044400 b7f2ffff 37130000  # T...D.....7...
 10980 130303ff 1383c2ff 63cc6202 63ca6202  ........c.b.c.b.
 10990 63c86202 63c66202 63c46202 37130000  c.b.c.b.c.b.7...
 109a0 1303f3ff 13834200 634c5300 634a5300  ......B.cLS.cJS.
 109b0 63485300 63465300 63445300 6f008000  cHS.cFS.cDS.o...
 109c0 93e21200 37130000 1303f3ff 63c46200  ....7.......c.b.
 109d0 93e22200 13830200 63c46200 6f008000  ..".....c.b.o...
 109e0 93e24200 37f3ffff 1303e3ee 63c46200  ..B.7.......c.b.
 109f0 6f008000 93e28200 23205400 13044400  o.......# T...D.
 10a00 b7f2ffff 37f3ffff 13834200 63da6202  ....7.....B.c.b.
 10a10 63d86202 63d66202 63d46202 63d26202  c.b.c.b.c.b.c.b.
 10a20 3703ffff 1383c2ff 635c5300 635a5300  7.......c\S.cZS.
 10a30 63585300 63565300 63545300 6f008000  cXS.cVS.cTS.o...
 10a40 93e21200 37130000 1303f3ff 63d46200  ....7.......c.b.
 10a50 6f008000 93e22200 13830200 63d46200  o.....".....c.b.
 10a60 93e24200 37f3ffff 1303e3ee 63d46200  ..B.7.......c.b.
 10a70 93e28200 23205400 13044400 b7f2ffff  ....# T...D.....
 10a80 130300f0 1383c2ff 63ea6202 63e86202  ........c.b.c.b.
 10a90 63e66202 63e46202 63e26202 1303f0ff  c.b.c.b.c.b.....
 10aa0 13834200 636c5300 636a5300 63685300  ..B.clS.cjS.chS.
 10ab0 63665300 63645300 6f008000 93e21200  cfS.cdS.o.......
 10ac0 1303f0ff 63e46200 93e22200 13830200  ....c.b...".....
 10ad0 63e46200 6f008000 93e24200 37130000  c.b.o.....B.7...
 10ae0 1303f3ff 63e46200 6f008000 93e28200  ....c.b.o.......
 10af0 23205400 13044400 b7f2ffff 37f3ffff  # T...D.....7...
 10b00 13834200 63fc6202 63fa6202 63f86202  ..B.c.b.c.b.c.b.
 10b10 63f66202 63f46202 37130000 1303f3ff  c.b.c.b.7.......
 10b20 1383c2ff 637c5300 637a5300 63785300  ....c|S.czS.cxS.
 10b30 63765300 63745300 6f008000 93e21200  cvS.ctS.o.......
 10b40 1303f0ff 63f46200 6f008000 93e22200  ....c.b.o.....".
 10b50 13830200 63f46200 93e24200 37130000  ....c.b...B.7...
 10b60 1303f3ff 63f46200 93e28200 23205400  ....c.b.....# T.
 10b70 13044400 97020000 17f3ffff 97935713  ..D...........W.
 10b80 33037300 b3826200 23205400 13044400  3.s...b.# T...D.
 10b90 b7020000 37f3ffff b7935713 33037300  ....7.....W.3.s.
 10ba0 b3826200 23205400 13044400 b7f2ffff  ..b.# T...D.....
 10bb0 6f038000 93e21200 97030000 93830300  o...............
 10bc0 33836340 b3826200 23205400 13044400  3.c@..b.# T...D.
 10bd0 b7020f00 93828200 73900230 f3130030  ........s..0...0
 10be0 731e0030 3383c301 23206400 13044400  s..03...# d...D.
 10bf0 b7120000 938222a3 73904230 f3134030  ......".s.B0..@0
 10c00 731e4030 3383c301 23206400 13044400  s.@03...# d...D.
 10c10 b7520e00 9382020f 73905230 f3135030  .R......s.R0..P0
 10c20 731e5030 3383c301 23206400 13044400  s.P03...# d...D.
 10c30 b7520e00 9382020f 73901234 f3131034  .R......s..4...4
 10c40 731e1034 3383c301 23206400 13044400  s..43...# d...D.
 10c50 b7120000 9382f2ff 73904234 f3134034  ........s.B4..@4
 10c60 731e4034 3383c301 23206400 13044400  s.@43...# d...D.
 10c70 73d00430 73130030 23206400 13044400  s..0s..0# d...D.
 10c80 73505030 73135030 23206400 13044400  sPP0s.P0# d...D.
 10c90 73501834 73131034 23206400 13044400  sP.4s..4# d...D.
 10ca0 73d04734 73134034 23206400 13044400  s.G4s.@4# d...D.
 10cb0 b7020f00 93828200 37030f00 13038300  ........7.......
 10cc0 73900230 f3220330 f3130030 23207400  s..0.".0...0# t.
 10cd0 13044400 b7020f00 93828200 73900230  ..D.........s..0
 10ce0 f3e20430 f3130030 23207400 13044400  ...0...0# t...D.
 10cf0 b7220f00 93828288 37230f00 13030388  ."......7#......
 10d00 73900230 f3320330 f3130030 23207400  s..0.2.0...0# t.
 10d10 13044400 b7220f00 93828288 73900230  ..D.."......s..0
 10d20 f3f20430 f3130030 23207400 13044400  ...0...0# t...D.
 10d30 03240100 13014100 67800000           .$....A.g...    
Contents of section .rodata:
 10d3c 66666666                             ffff            
Contents of section .sdata:
 20000 00000110 00000210                    ........        
Contents of section .comment:
 0000 4743433a 2028474e 55292031 302e322e  GCC: (GNU) 10.2.
 0010 3000                                 0.              
Contents of section .riscv.attributes:
 0000 41340000 00726973 63760001 2a000000  A4...riscv..*...
 0010 04100572 76333269 3270315f 7a696373  ...rv32i2p1_zics
 0020 72327030 5f7a6966 656e6365 69327030  r2p0_zifencei2p0
 0030 0008010a 0b                          .....           

Disassembly of section .text0:

00000000 <_start>:
   0:	00000093          	li	ra,0
   4:	00000113          	li	sp,0
   8:	00000193          	li	gp,0
   c:	00000213          	li	tp,0
  10:	00000293          	li	t0,0
  14:	00000313          	li	t1,0
  18:	00000393          	li	t2,0
  1c:	00000413          	li	s0,0
  20:	00000493          	li	s1,0
  24:	00000513          	li	a0,0
  28:	00000593          	li	a1,0
  2c:	00000613          	li	a2,0
  30:	00000693          	li	a3,0
  34:	00000713          	li	a4,0
  38:	00000793          	li	a5,0
  3c:	00000813          	li	a6,0
  40:	00000893          	li	a7,0
  44:	00000913          	li	s2,0
  48:	00000993          	li	s3,0
  4c:	00000a13          	li	s4,0
  50:	00000a93          	li	s5,0
  54:	00000b13          	li	s6,0
  58:	00000b93          	li	s7,0
  5c:	00000c13          	li	s8,0
  60:	00000c93          	li	s9,0
  64:	00000d13          	li	s10,0
  68:	00000d93          	li	s11,0
  6c:	00000e13          	li	t3,0
  70:	00000e93          	li	t4,0
  74:	00000f13          	li	t5,0
  78:	00000f93          	li	t6,0
  7c:	00020197          	auipc	gp,0x20
  80:	78418193          	addi	gp,gp,1924 # 20800 <_gp>

00000084 <init_bss>:
  84:	00020517          	auipc	a0,0x20
  88:	f8450513          	addi	a0,a0,-124 # 20008 <__bss_end>
  8c:	00020597          	auipc	a1,0x20
  90:	f7858593          	addi	a1,a1,-136 # 20004 <dma_addr_boot>
  94:	00000613          	li	a2,0
  98:	070000ef          	jal	ra,108 <fill_block>

0000009c <init_sbss>:
  9c:	00020517          	auipc	a0,0x20
  a0:	f6450513          	addi	a0,a0,-156 # 20000 <WDT_addr>
  a4:	00020597          	auipc	a1,0x20
  a8:	f5858593          	addi	a1,a1,-168 # 1fffc <__rodata_end+0xf2bc>
  ac:	00000613          	li	a2,0
  b0:	058000ef          	jal	ra,108 <fill_block>

000000b4 <write_stack_pattern>:
  b4:	00020517          	auipc	a0,0x20
  b8:	f5450513          	addi	a0,a0,-172 # 20008 <__bss_end>
  bc:	00021597          	auipc	a1,0x21
  c0:	f4858593          	addi	a1,a1,-184 # 21004 <_gp+0x804>
  c4:	00000613          	li	a2,0
  c8:	040000ef          	jal	ra,108 <fill_block>

000000cc <init_stack>:
  cc:	00021117          	auipc	sp,0x21
  d0:	f3c10113          	addi	sp,sp,-196 # 21008 <__stack>

000000d4 <write_test_pattern>:
  d4:	20100517          	auipc	a0,0x20100
  d8:	f2c50513          	addi	a0,a0,-212 # 20100000 <_test_start>
  dc:	20101597          	auipc	a1,0x20101
  e0:	f2058593          	addi	a1,a1,-224 # 20100ffc <_test_start+0xffc>
  e4:	00000613          	li	a2,0
  e8:	020000ef          	jal	ra,108 <fill_block>

000000ec <SystemInit>:
  ec:	030000ef          	jal	ra,11c <boot>
  f0:	0d4100ef          	jal	ra,101c4 <main>

000000f4 <SystemExit>:
  f4:	00030297          	auipc	t0,0x30
  f8:	f0828293          	addi	t0,t0,-248 # 2fffc <_sim_end>
  fc:	fff00313          	li	t1,-1
 100:	0062a023          	sw	t1,0(t0)

00000104 <dead_loop>:
 104:	0000006f          	j	104 <dead_loop>

00000108 <fill_block>:
 108:	00a5e863          	bltu	a1,a0,118 <fb_end>
 10c:	00c52023          	sw	a2,0(a0)
 110:	00450513          	addi	a0,a0,4
 114:	ff5ff06f          	j	108 <fill_block>

00000118 <fb_end>:
 118:	00008067          	ret

0000011c <boot>:
 11c:	fd010113          	addi	sp,sp,-48
 120:	02812623          	sw	s0,44(sp)
 124:	03010413          	addi	s0,sp,48
 128:	100207b7          	lui	a5,0x10020
 12c:	20078793          	addi	a5,a5,512 # 10020200 <_end+0xfff0200>
 130:	fef42623          	sw	a5,-20(s0)
 134:	100207b7          	lui	a5,0x10020
 138:	30078793          	addi	a5,a5,768 # 10020300 <_end+0xfff0300>
 13c:	fef42423          	sw	a5,-24(s0)
 140:	100207b7          	lui	a5,0x10020
 144:	40078793          	addi	a5,a5,1024 # 10020400 <_end+0xfff0400>
 148:	fef42223          	sw	a5,-28(s0)
 14c:	100207b7          	lui	a5,0x10020
 150:	10078793          	addi	a5,a5,256 # 10020100 <_end+0xfff0100>
 154:	fef42023          	sw	a5,-32(s0)
 158:	30046073          	csrsi	mstatus,8
 15c:	00001fb7          	lui	t6,0x1
 160:	800f8f93          	addi	t6,t6,-2048 # 800 <boot+0x6e4>
 164:	304fa073          	csrs	mie,t6
 168:	200017b7          	lui	a5,0x20001
 16c:	d4078713          	addi	a4,a5,-704 # 20000d40 <_dram_i_end>
 170:	200007b7          	lui	a5,0x20000
 174:	00078793          	mv	a5,a5
 178:	40f707b3          	sub	a5,a4,a5
 17c:	4027d793          	srai	a5,a5,0x2
 180:	00178793          	addi	a5,a5,1 # 20000001 <_dram_i_start+0x1>
 184:	fcf42e23          	sw	a5,-36(s0)
 188:	200007b7          	lui	a5,0x20000
 18c:	00078713          	mv	a4,a5
 190:	fec42783          	lw	a5,-20(s0)
 194:	00e7a023          	sw	a4,0(a5) # 20000000 <_dram_i_start>
 198:	000107b7          	lui	a5,0x10
 19c:	00078713          	mv	a4,a5
 1a0:	fe842783          	lw	a5,-24(s0)
 1a4:	00e7a023          	sw	a4,0(a5) # 10000 <_imem_start>
 1a8:	fdc42703          	lw	a4,-36(s0)
 1ac:	fe442783          	lw	a5,-28(s0)
 1b0:	00e7a023          	sw	a4,0(a5)
 1b4:	fe042783          	lw	a5,-32(s0)
 1b8:	00100713          	li	a4,1
 1bc:	00e7a023          	sw	a4,0(a5)
 1c0:	10500073          	wfi
 1c4:	000207b7          	lui	a5,0x20
 1c8:	00c78713          	addi	a4,a5,12 # 2000c <__bss_end+0x4>
 1cc:	000207b7          	lui	a5,0x20
 1d0:	00878793          	addi	a5,a5,8 # 20008 <__bss_end>
 1d4:	40f707b3          	sub	a5,a4,a5
 1d8:	4027d793          	srai	a5,a5,0x2
 1dc:	fcf42e23          	sw	a5,-36(s0)
 1e0:	201017b7          	lui	a5,0x20101
 1e4:	00878713          	addi	a4,a5,8 # 20101008 <__data_paddr_start>
 1e8:	fec42783          	lw	a5,-20(s0)
 1ec:	00e7a023          	sw	a4,0(a5)
 1f0:	000207b7          	lui	a5,0x20
 1f4:	00878713          	addi	a4,a5,8 # 20008 <__bss_end>
 1f8:	fe842783          	lw	a5,-24(s0)
 1fc:	00e7a023          	sw	a4,0(a5)
 200:	fdc42703          	lw	a4,-36(s0)
 204:	fe442783          	lw	a5,-28(s0)
 208:	00e7a023          	sw	a4,0(a5)
 20c:	fe042783          	lw	a5,-32(s0)
 210:	00100713          	li	a4,1
 214:	00e7a023          	sw	a4,0(a5)
 218:	10500073          	wfi
 21c:	000207b7          	lui	a5,0x20
 220:	00c78713          	addi	a4,a5,12 # 2000c <__bss_end+0x4>
 224:	000207b7          	lui	a5,0x20
 228:	00078793          	mv	a5,a5
 22c:	40f707b3          	sub	a5,a4,a5
 230:	4027d793          	srai	a5,a5,0x2
 234:	fcf42e23          	sw	a5,-36(s0)
 238:	201017b7          	lui	a5,0x20101
 23c:	00078713          	mv	a4,a5
 240:	fec42783          	lw	a5,-20(s0)
 244:	00e7a023          	sw	a4,0(a5) # 20101000 <__sdata_paddr_start>
 248:	000207b7          	lui	a5,0x20
 24c:	00078713          	mv	a4,a5
 250:	fe842783          	lw	a5,-24(s0)
 254:	00e7a023          	sw	a4,0(a5) # 20000 <WDT_addr>
 258:	fdc42703          	lw	a4,-36(s0)
 25c:	fe442783          	lw	a5,-28(s0)
 260:	00e7a023          	sw	a4,0(a5)
 264:	fe042783          	lw	a5,-32(s0)
 268:	00100713          	li	a4,1
 26c:	00e7a023          	sw	a4,0(a5)
 270:	10500073          	wfi
 274:	30005073          	csrwi	mstatus,0
 278:	00000f93          	li	t6,0
 27c:	304f9073          	csrw	mie,t6
 280:	00000013          	nop
 284:	02c12403          	lw	s0,44(sp)
 288:	03010113          	addi	sp,sp,48
 28c:	00008067          	ret

Disassembly of section .text1:

00010000 <_imem_start>:
   10000:	f8410113          	addi	sp,sp,-124
   10004:	00112023          	sw	ra,0(sp)
   10008:	00212223          	sw	sp,4(sp)
   1000c:	00312423          	sw	gp,8(sp)
   10010:	00412623          	sw	tp,12(sp)
   10014:	00512823          	sw	t0,16(sp)
   10018:	00612a23          	sw	t1,20(sp)
   1001c:	00712c23          	sw	t2,24(sp)
   10020:	00812e23          	sw	s0,28(sp)
   10024:	02912023          	sw	s1,32(sp)
   10028:	02a12223          	sw	a0,36(sp)
   1002c:	02b12423          	sw	a1,40(sp)
   10030:	02c12623          	sw	a2,44(sp)
   10034:	02d12823          	sw	a3,48(sp)
   10038:	02e12a23          	sw	a4,52(sp)
   1003c:	02f12c23          	sw	a5,56(sp)
   10040:	03012e23          	sw	a6,60(sp)
   10044:	05112023          	sw	a7,64(sp)
   10048:	05212223          	sw	s2,68(sp)
   1004c:	05312423          	sw	s3,72(sp)
   10050:	05412623          	sw	s4,76(sp)
   10054:	05512823          	sw	s5,80(sp)
   10058:	05612a23          	sw	s6,84(sp)
   1005c:	05712c23          	sw	s7,88(sp)
   10060:	05812e23          	sw	s8,92(sp)
   10064:	07912023          	sw	s9,96(sp)
   10068:	07a12223          	sw	s10,100(sp)
   1006c:	07b12423          	sw	s11,104(sp)
   10070:	07c12623          	sw	t3,108(sp)
   10074:	07d12823          	sw	t4,112(sp)
   10078:	07e12a23          	sw	t5,116(sp)
   1007c:	07f12c23          	sw	t6,120(sp)
   10080:	0f0000ef          	jal	ra,10170 <trap_handler>
   10084:	00012083          	lw	ra,0(sp)
   10088:	00412103          	lw	sp,4(sp)
   1008c:	00812183          	lw	gp,8(sp)
   10090:	00c12203          	lw	tp,12(sp)
   10094:	01012283          	lw	t0,16(sp)
   10098:	01412303          	lw	t1,20(sp)
   1009c:	01812383          	lw	t2,24(sp)
   100a0:	01c12403          	lw	s0,28(sp)
   100a4:	02012483          	lw	s1,32(sp)
   100a8:	02412503          	lw	a0,36(sp)
   100ac:	02812583          	lw	a1,40(sp)
   100b0:	02c12603          	lw	a2,44(sp)
   100b4:	03012683          	lw	a3,48(sp)
   100b8:	03412703          	lw	a4,52(sp)
   100bc:	03812783          	lw	a5,56(sp)
   100c0:	03c12803          	lw	a6,60(sp)
   100c4:	04012883          	lw	a7,64(sp)
   100c8:	04412903          	lw	s2,68(sp)
   100cc:	04812983          	lw	s3,72(sp)
   100d0:	04c12a03          	lw	s4,76(sp)
   100d4:	05012a83          	lw	s5,80(sp)
   100d8:	05412b03          	lw	s6,84(sp)
   100dc:	05812b83          	lw	s7,88(sp)
   100e0:	05c12c03          	lw	s8,92(sp)
   100e4:	06012c83          	lw	s9,96(sp)
   100e8:	06412d03          	lw	s10,100(sp)
   100ec:	06812d83          	lw	s11,104(sp)
   100f0:	06c12e03          	lw	t3,108(sp)
   100f4:	07012e83          	lw	t4,112(sp)
   100f8:	07412f03          	lw	t5,116(sp)
   100fc:	07812f83          	lw	t6,120(sp)
   10100:	07c10113          	addi	sp,sp,124
   10104:	30200073          	mret

00010108 <timer_interrupt_handler>:
   10108:	ff010113          	addi	sp,sp,-16
   1010c:	00812623          	sw	s0,12(sp)
   10110:	01010413          	addi	s0,sp,16
   10114:	30006073          	csrsi	mstatus,0
   10118:	000207b7          	lui	a5,0x20
   1011c:	0007a783          	lw	a5,0(a5) # 20000 <WDT_addr>
   10120:	10078793          	addi	a5,a5,256
   10124:	0007a023          	sw	zero,0(a5)
   10128:	ed9ef06f          	j	0 <_start>
   1012c:	00000013          	nop
   10130:	00c12403          	lw	s0,12(sp)
   10134:	01010113          	addi	sp,sp,16
   10138:	00008067          	ret

0001013c <external_interrupt_handler>:
   1013c:	fe010113          	addi	sp,sp,-32
   10140:	00812e23          	sw	s0,28(sp)
   10144:	02010413          	addi	s0,sp,32
   10148:	100207b7          	lui	a5,0x10020
   1014c:	fef42623          	sw	a5,-20(s0)
   10150:	30006073          	csrsi	mstatus,0
   10154:	fec42783          	lw	a5,-20(s0)
   10158:	10078793          	addi	a5,a5,256 # 10020100 <_end+0xfff0100>
   1015c:	0007a023          	sw	zero,0(a5)
   10160:	00000013          	nop
   10164:	01c12403          	lw	s0,28(sp)
   10168:	02010113          	addi	sp,sp,32
   1016c:	00008067          	ret

00010170 <trap_handler>:
   10170:	fe010113          	addi	sp,sp,-32
   10174:	00112e23          	sw	ra,28(sp)
   10178:	00812c23          	sw	s0,24(sp)
   1017c:	02010413          	addi	s0,sp,32
   10180:	344027f3          	csrr	a5,mip
   10184:	fef42623          	sw	a5,-20(s0)
   10188:	fec42783          	lw	a5,-20(s0)
   1018c:	0807f793          	andi	a5,a5,128
   10190:	00078463          	beqz	a5,10198 <trap_handler+0x28>
   10194:	f75ff0ef          	jal	ra,10108 <timer_interrupt_handler>
   10198:	fec42703          	lw	a4,-20(s0)
   1019c:	000017b7          	lui	a5,0x1
   101a0:	80078793          	addi	a5,a5,-2048 # 800 <boot+0x6e4>
   101a4:	00f777b3          	and	a5,a4,a5
   101a8:	00078463          	beqz	a5,101b0 <trap_handler+0x40>
   101ac:	f91ff0ef          	jal	ra,1013c <external_interrupt_handler>
   101b0:	00000013          	nop
   101b4:	01c12083          	lw	ra,28(sp)
   101b8:	01812403          	lw	s0,24(sp)
   101bc:	02010113          	addi	sp,sp,32
   101c0:	00008067          	ret

000101c4 <main>:
   101c4:	ffc10113          	addi	sp,sp,-4
   101c8:	00812023          	sw	s0,0(sp)
   101cc:	200f0417          	auipc	s0,0x200f0
   101d0:	e3440413          	addi	s0,s0,-460 # 20100000 <_test_start>

000101d4 <add>:
   101d4:	fff00293          	li	t0,-1
   101d8:	fff00313          	li	t1,-1
   101dc:	006282b3          	add	t0,t0,t1
   101e0:	006282b3          	add	t0,t0,t1
   101e4:	006282b3          	add	t0,t0,t1
   101e8:	006282b3          	add	t0,t0,t1
   101ec:	006282b3          	add	t0,t0,t1
   101f0:	ffe00313          	li	t1,-2
   101f4:	005302b3          	add	t0,t1,t0
   101f8:	005302b3          	add	t0,t1,t0
   101fc:	005302b3          	add	t0,t1,t0
   10200:	005302b3          	add	t0,t1,t0
   10204:	005302b3          	add	t0,t1,t0
   10208:	00542023          	sw	t0,0(s0)
   1020c:	00440413          	addi	s0,s0,4

00010210 <sub>:
   10210:	00000293          	li	t0,0
   10214:	fff00313          	li	t1,-1
   10218:	406282b3          	sub	t0,t0,t1
   1021c:	406282b3          	sub	t0,t0,t1
   10220:	406282b3          	sub	t0,t0,t1
   10224:	406282b3          	sub	t0,t0,t1
   10228:	406282b3          	sub	t0,t0,t1
   1022c:	ffd00313          	li	t1,-3
   10230:	405302b3          	sub	t0,t1,t0
   10234:	405302b3          	sub	t0,t1,t0
   10238:	405302b3          	sub	t0,t1,t0
   1023c:	405302b3          	sub	t0,t1,t0
   10240:	405302b3          	sub	t0,t1,t0
   10244:	00542023          	sw	t0,0(s0)
   10248:	00440413          	addi	s0,s0,4

0001024c <sll>:
   1024c:	00100293          	li	t0,1
   10250:	00100313          	li	t1,1
   10254:	006292b3          	sll	t0,t0,t1
   10258:	006292b3          	sll	t0,t0,t1
   1025c:	006292b3          	sll	t0,t0,t1
   10260:	006292b3          	sll	t0,t0,t1
   10264:	006292b3          	sll	t0,t0,t1
   10268:	00200313          	li	t1,2
   1026c:	005312b3          	sll	t0,t1,t0
   10270:	005312b3          	sll	t0,t1,t0
   10274:	005312b3          	sll	t0,t1,t0
   10278:	005312b3          	sll	t0,t1,t0
   1027c:	005312b3          	sll	t0,t1,t0
   10280:	00542023          	sw	t0,0(s0)
   10284:	00440413          	addi	s0,s0,4

00010288 <slt>:
   10288:	fff00293          	li	t0,-1
   1028c:	00100313          	li	t1,1
   10290:	0062a2b3          	slt	t0,t0,t1
   10294:	0062a2b3          	slt	t0,t0,t1
   10298:	0062a2b3          	slt	t0,t0,t1
   1029c:	0062a2b3          	slt	t0,t0,t1
   102a0:	0062a2b3          	slt	t0,t0,t1
   102a4:	fff00313          	li	t1,-1
   102a8:	005322b3          	slt	t0,t1,t0
   102ac:	005322b3          	slt	t0,t1,t0
   102b0:	005322b3          	slt	t0,t1,t0
   102b4:	005322b3          	slt	t0,t1,t0
   102b8:	005322b3          	slt	t0,t1,t0
   102bc:	00542023          	sw	t0,0(s0)
   102c0:	00440413          	addi	s0,s0,4

000102c4 <sltu>:
   102c4:	fff00293          	li	t0,-1
   102c8:	00100313          	li	t1,1
   102cc:	0062b2b3          	sltu	t0,t0,t1
   102d0:	0062b2b3          	sltu	t0,t0,t1
   102d4:	0062b2b3          	sltu	t0,t0,t1
   102d8:	0062b2b3          	sltu	t0,t0,t1
   102dc:	0062b2b3          	sltu	t0,t0,t1
   102e0:	0062b2b3          	sltu	t0,t0,t1
   102e4:	00000313          	li	t1,0
   102e8:	005332b3          	sltu	t0,t1,t0
   102ec:	005332b3          	sltu	t0,t1,t0
   102f0:	005332b3          	sltu	t0,t1,t0
   102f4:	005332b3          	sltu	t0,t1,t0
   102f8:	005332b3          	sltu	t0,t1,t0
   102fc:	00542023          	sw	t0,0(s0)
   10300:	00440413          	addi	s0,s0,4

00010304 <xor>:
   10304:	fff00293          	li	t0,-1
   10308:	f0f0f337          	lui	t1,0xf0f0f
   1030c:	0f030313          	addi	t1,t1,240 # f0f0f0f0 <__data_paddr_start+0xd0e0e0e8>
   10310:	0062c2b3          	xor	t0,t0,t1
   10314:	0062c2b3          	xor	t0,t0,t1
   10318:	0062c2b3          	xor	t0,t0,t1
   1031c:	0062c2b3          	xor	t0,t0,t1
   10320:	0062c2b3          	xor	t0,t0,t1
   10324:	77777337          	lui	t1,0x77777
   10328:	77730313          	addi	t1,t1,1911 # 77777777 <__data_paddr_start+0x5767676f>
   1032c:	005342b3          	xor	t0,t1,t0
   10330:	005342b3          	xor	t0,t1,t0
   10334:	005342b3          	xor	t0,t1,t0
   10338:	005342b3          	xor	t0,t1,t0
   1033c:	005342b3          	xor	t0,t1,t0
   10340:	00542023          	sw	t0,0(s0)
   10344:	00440413          	addi	s0,s0,4

00010348 <srl>:
   10348:	fff00293          	li	t0,-1
   1034c:	75ecb337          	lui	t1,0x75ecb
   10350:	86430313          	addi	t1,t1,-1948 # 75eca864 <__data_paddr_start+0x55dc985c>
   10354:	0062d2b3          	srl	t0,t0,t1
   10358:	0062d2b3          	srl	t0,t0,t1
   1035c:	0062d2b3          	srl	t0,t0,t1
   10360:	0062d2b3          	srl	t0,t0,t1
   10364:	0062d2b3          	srl	t0,t0,t1
   10368:	12345337          	lui	t1,0x12345
   1036c:	67830313          	addi	t1,t1,1656 # 12345678 <_end+0x12315678>
   10370:	005352b3          	srl	t0,t1,t0
   10374:	005352b3          	srl	t0,t1,t0
   10378:	005352b3          	srl	t0,t1,t0
   1037c:	005352b3          	srl	t0,t1,t0
   10380:	005352b3          	srl	t0,t1,t0
   10384:	00542023          	sw	t0,0(s0)
   10388:	00440413          	addi	s0,s0,4

0001038c <sra>:
   1038c:	876542b7          	lui	t0,0x87654
   10390:	32128293          	addi	t0,t0,801 # 87654321 <__data_paddr_start+0x67553319>
   10394:	00400313          	li	t1,4
   10398:	4062d2b3          	sra	t0,t0,t1
   1039c:	4062d2b3          	sra	t0,t0,t1
   103a0:	4062d2b3          	sra	t0,t0,t1
   103a4:	4062d2b3          	sra	t0,t0,t1
   103a8:	4062d2b3          	sra	t0,t0,t1
   103ac:	77777337          	lui	t1,0x77777
   103b0:	77730313          	addi	t1,t1,1911 # 77777777 <__data_paddr_start+0x5767676f>
   103b4:	405352b3          	sra	t0,t1,t0
   103b8:	405352b3          	sra	t0,t1,t0
   103bc:	405352b3          	sra	t0,t1,t0
   103c0:	405352b3          	sra	t0,t1,t0
   103c4:	405352b3          	sra	t0,t1,t0
   103c8:	00542023          	sw	t0,0(s0)
   103cc:	00440413          	addi	s0,s0,4

000103d0 <or>:
   103d0:	123452b7          	lui	t0,0x12345
   103d4:	67828293          	addi	t0,t0,1656 # 12345678 <_end+0x12315678>
   103d8:	fedcc337          	lui	t1,0xfedcc
   103dc:	a9830313          	addi	t1,t1,-1384 # fedcba98 <__data_paddr_start+0xdeccaa90>
   103e0:	0062e2b3          	or	t0,t0,t1
   103e4:	0062e2b3          	or	t0,t0,t1
   103e8:	0062e2b3          	or	t0,t0,t1
   103ec:	0062e2b3          	or	t0,t0,t1
   103f0:	0062e2b3          	or	t0,t0,t1
   103f4:	62400337          	lui	t1,0x62400
   103f8:	28530313          	addi	t1,t1,645 # 62400285 <__data_paddr_start+0x422ff27d>
   103fc:	005362b3          	or	t0,t1,t0
   10400:	005362b3          	or	t0,t1,t0
   10404:	005362b3          	or	t0,t1,t0
   10408:	005362b3          	or	t0,t1,t0
   1040c:	005362b3          	or	t0,t1,t0
   10410:	00542023          	sw	t0,0(s0)
   10414:	00440413          	addi	s0,s0,4

00010418 <and>:
   10418:	123452b7          	lui	t0,0x12345
   1041c:	67828293          	addi	t0,t0,1656 # 12345678 <_end+0x12315678>
   10420:	fff00313          	li	t1,-1
   10424:	0062f2b3          	and	t0,t0,t1
   10428:	0062f2b3          	and	t0,t0,t1
   1042c:	0062f2b3          	and	t0,t0,t1
   10430:	0062f2b3          	and	t0,t0,t1
   10434:	0062f2b3          	and	t0,t0,t1
   10438:	f0f0f337          	lui	t1,0xf0f0f
   1043c:	0f030313          	addi	t1,t1,240 # f0f0f0f0 <__data_paddr_start+0xd0e0e0e8>
   10440:	005372b3          	and	t0,t1,t0
   10444:	005372b3          	and	t0,t1,t0
   10448:	005372b3          	and	t0,t1,t0
   1044c:	005372b3          	and	t0,t1,t0
   10450:	005372b3          	and	t0,t1,t0
   10454:	00542023          	sw	t0,0(s0)
   10458:	00440413          	addi	s0,s0,4

0001045c <load>:
   1045c:	00001317          	auipc	t1,0x1
   10460:	8e030313          	addi	t1,t1,-1824 # 10d3c <__rodata_start>
   10464:	00032283          	lw	t0,0(t1)
   10468:	fec10113          	addi	sp,sp,-20
   1046c:	00512023          	sw	t0,0(sp)
   10470:	00010293          	mv	t0,sp
   10474:	00512223          	sw	t0,4(sp)
   10478:	00410293          	addi	t0,sp,4
   1047c:	00512423          	sw	t0,8(sp)
   10480:	00810293          	addi	t0,sp,8
   10484:	00512623          	sw	t0,12(sp)
   10488:	00c10293          	addi	t0,sp,12
   1048c:	00512823          	sw	t0,16(sp)
   10490:	01010293          	addi	t0,sp,16
   10494:	0002a283          	lw	t0,0(t0)
   10498:	0002a283          	lw	t0,0(t0)
   1049c:	0002a283          	lw	t0,0(t0)
   104a0:	0002a283          	lw	t0,0(t0)
   104a4:	0002a283          	lw	t0,0(t0)
   104a8:	01410113          	addi	sp,sp,20
   104ac:	ffc12303          	lw	t1,-4(sp)
   104b0:	ff812383          	lw	t2,-8(sp)
   104b4:	ff412e03          	lw	t3,-12(sp)
   104b8:	ff012e83          	lw	t4,-16(sp)
   104bc:	fec12f03          	lw	t5,-20(sp)
   104c0:	01d30333          	add	t1,t1,t4
   104c4:	01c383b3          	add	t2,t2,t3
   104c8:	40730333          	sub	t1,t1,t2
   104cc:	01e30333          	add	t1,t1,t5
   104d0:	006282b3          	add	t0,t0,t1
   104d4:	01040413          	addi	s0,s0,16
   104d8:	fe542823          	sw	t0,-16(s0)
   104dc:	ff040303          	lb	t1,-16(s0)
   104e0:	ff041383          	lh	t2,-16(s0)
   104e4:	ff044e03          	lbu	t3,-16(s0)
   104e8:	ff045e83          	lhu	t4,-16(s0)
   104ec:	fe642a23          	sw	t1,-12(s0)
   104f0:	fe742c23          	sw	t2,-8(s0)
   104f4:	ffc42e23          	sw	t3,-4(s0)
   104f8:	01d42023          	sw	t4,0(s0)
   104fc:	00440413          	addi	s0,s0,4

00010500 <addi>:
   10500:	fff00293          	li	t0,-1
   10504:	fff28293          	addi	t0,t0,-1
   10508:	76528293          	addi	t0,t0,1893
   1050c:	88828293          	addi	t0,t0,-1912
   10510:	43228293          	addi	t0,t0,1074
   10514:	abc28293          	addi	t0,t0,-1348
   10518:	52100313          	li	t1,1313
   1051c:	ce230393          	addi	t2,t1,-798
   10520:	13b30e13          	addi	t3,t1,315
   10524:	49930e93          	addi	t4,t1,1177
   10528:	80130f13          	addi	t5,t1,-2047
   1052c:	a6830f93          	addi	t6,t1,-1432
   10530:	01c383b3          	add	t2,t2,t3
   10534:	01ee8eb3          	add	t4,t4,t5
   10538:	01f282b3          	add	t0,t0,t6
   1053c:	01d383b3          	add	t2,t2,t4
   10540:	007282b3          	add	t0,t0,t2
   10544:	00542023          	sw	t0,0(s0)
   10548:	00440413          	addi	s0,s0,4

0001054c <slti>:
   1054c:	fff00293          	li	t0,-1
   10550:	fff2a293          	slti	t0,t0,-1
   10554:	3e82a293          	slti	t0,t0,1000
   10558:	8302a293          	slti	t0,t0,-2000
   1055c:	0012a293          	slti	t0,t0,1
   10560:	4572a293          	slti	t0,t0,1111
   10564:	c6600313          	li	t1,-922
   10568:	c9432393          	slti	t2,t1,-876
   1056c:	22b32e13          	slti	t3,t1,555
   10570:	83432e93          	slti	t4,t1,-1996
   10574:	00032f13          	slti	t5,t1,0
   10578:	c6632f93          	slti	t6,t1,-922
   1057c:	01c383b3          	add	t2,t2,t3
   10580:	01ee8eb3          	add	t4,t4,t5
   10584:	01f282b3          	add	t0,t0,t6
   10588:	01d383b3          	add	t2,t2,t4
   1058c:	007282b3          	add	t0,t0,t2
   10590:	00542023          	sw	t0,0(s0)
   10594:	00440413          	addi	s0,s0,4

00010598 <sltiu>:
   10598:	ffe00293          	li	t0,-2
   1059c:	fff2b293          	sltiu	t0,t0,-1
   105a0:	3e82b293          	sltiu	t0,t0,1000
   105a4:	8302b293          	sltiu	t0,t0,-2000
   105a8:	f012b293          	sltiu	t0,t0,-255
   105ac:	0012b293          	seqz	t0,t0
   105b0:	aaaac337          	lui	t1,0xaaaac
   105b4:	bbb30313          	addi	t1,t1,-1093 # aaaabbbb <__data_paddr_start+0x8a9aabb3>
   105b8:	c9433393          	sltiu	t2,t1,-876
   105bc:	22b33e13          	sltiu	t3,t1,555
   105c0:	83433e93          	sltiu	t4,t1,-1996
   105c4:	00033f13          	sltiu	t5,t1,0
   105c8:	c6633f93          	sltiu	t6,t1,-922
   105cc:	01c383b3          	add	t2,t2,t3
   105d0:	01ee8eb3          	add	t4,t4,t5
   105d4:	01f282b3          	add	t0,t0,t6
   105d8:	01d383b3          	add	t2,t2,t4
   105dc:	007282b3          	add	t0,t0,t2
   105e0:	00542023          	sw	t0,0(s0)
   105e4:	00440413          	addi	s0,s0,4

000105e8 <xori>:
   105e8:	fff00293          	li	t0,-1
   105ec:	07b2c293          	xori	t0,t0,123
   105f0:	9752c293          	xori	t0,t0,-1675
   105f4:	cc12c293          	xori	t0,t0,-831
   105f8:	7f12c293          	xori	t0,t0,2033
   105fc:	4a32c293          	xori	t0,t0,1187
   10600:	38700313          	li	t1,903
   10604:	ee334393          	xori	t2,t1,-285
   10608:	0a434e13          	xori	t3,t1,164
   1060c:	6e634e93          	xori	t4,t1,1766
   10610:	89934f13          	xori	t5,t1,-1895
   10614:	4b934f93          	xori	t6,t1,1209
   10618:	01c383b3          	add	t2,t2,t3
   1061c:	01ee8eb3          	add	t4,t4,t5
   10620:	01f282b3          	add	t0,t0,t6
   10624:	01d383b3          	add	t2,t2,t4
   10628:	007282b3          	add	t0,t0,t2
   1062c:	00542023          	sw	t0,0(s0)
   10630:	00440413          	addi	s0,s0,4

00010634 <ori>:
   10634:	00100293          	li	t0,1
   10638:	1bc2e293          	ori	t0,t0,444
   1063c:	6e52e293          	ori	t0,t0,1765
   10640:	edd2e293          	ori	t0,t0,-291
   10644:	09c2e293          	ori	t0,t0,156
   10648:	5022e293          	ori	t0,t0,1282
   1064c:	78300313          	li	t1,1923
   10650:	11d36393          	ori	t2,t1,285
   10654:	f5c36e13          	ori	t3,t1,-164
   10658:	91a36e93          	ori	t4,t1,-1766
   1065c:	76736f13          	ori	t5,t1,1895
   10660:	b4736f93          	ori	t6,t1,-1209
   10664:	01c383b3          	add	t2,t2,t3
   10668:	01ee8eb3          	add	t4,t4,t5
   1066c:	01f282b3          	add	t0,t0,t6
   10670:	01d383b3          	add	t2,t2,t4
   10674:	007282b3          	add	t0,t0,t2
   10678:	00542023          	sw	t0,0(s0)
   1067c:	00440413          	addi	s0,s0,4

00010680 <andi>:
   10680:	abcdf2b7          	lui	t0,0xabcdf
   10684:	f9828293          	addi	t0,t0,-104 # abcdef98 <__data_paddr_start+0x8bbddf90>
   10688:	eb32f293          	andi	t0,t0,-333
   1068c:	f442f293          	andi	t0,t0,-188
   10690:	2092f293          	andi	t0,t0,521
   10694:	e872f293          	andi	t0,t0,-377
   10698:	3552f293          	andi	t0,t0,853
   1069c:	12345337          	lui	t1,0x12345
   106a0:	67830313          	addi	t1,t1,1656 # 12345678 <_end+0x12315678>
   106a4:	7f137393          	andi	t2,t1,2033
   106a8:	0da37e13          	andi	t3,t1,218
   106ac:	ec437e93          	andi	t4,t1,-316
   106b0:	4af37f13          	andi	t5,t1,1199
   106b4:	cf937f93          	andi	t6,t1,-775
   106b8:	01c383b3          	add	t2,t2,t3
   106bc:	01ee8eb3          	add	t4,t4,t5
   106c0:	01f282b3          	add	t0,t0,t6
   106c4:	01d383b3          	add	t2,t2,t4
   106c8:	007282b3          	add	t0,t0,t2
   106cc:	00542023          	sw	t0,0(s0)
   106d0:	00440413          	addi	s0,s0,4

000106d4 <slli>:
   106d4:	00a00293          	li	t0,10
   106d8:	00229293          	slli	t0,t0,0x2
   106dc:	00529293          	slli	t0,t0,0x5
   106e0:	00729293          	slli	t0,t0,0x7
   106e4:	00a29293          	slli	t0,t0,0xa
   106e8:	00629293          	slli	t0,t0,0x6
   106ec:	1ab24337          	lui	t1,0x1ab24
   106f0:	cd430313          	addi	t1,t1,-812 # 1ab23cd4 <_end+0x1aaf3cd4>
   106f4:	00f31393          	slli	t2,t1,0xf
   106f8:	00631e13          	slli	t3,t1,0x6
   106fc:	01c31e93          	slli	t4,t1,0x1c
   10700:	01131f13          	slli	t5,t1,0x11
   10704:	00731f93          	slli	t6,t1,0x7
   10708:	01c383b3          	add	t2,t2,t3
   1070c:	01ee8eb3          	add	t4,t4,t5
   10710:	01f282b3          	add	t0,t0,t6
   10714:	01d383b3          	add	t2,t2,t4
   10718:	007282b3          	add	t0,t0,t2
   1071c:	00542023          	sw	t0,0(s0)
   10720:	00440413          	addi	s0,s0,4

00010724 <srli>:
   10724:	a1b2c2b7          	lui	t0,0xa1b2c
   10728:	3d428293          	addi	t0,t0,980 # a1b2c3d4 <__data_paddr_start+0x81a2b3cc>
   1072c:	0032d293          	srli	t0,t0,0x3
   10730:	0042d293          	srli	t0,t0,0x4
   10734:	0062d293          	srli	t0,t0,0x6
   10738:	00b2d293          	srli	t0,t0,0xb
   1073c:	0072d293          	srli	t0,t0,0x7
   10740:	aabf8337          	lui	t1,0xaabf8
   10744:	90c30313          	addi	t1,t1,-1780 # aabf790c <__data_paddr_start+0x8aaf6904>
   10748:	01935393          	srli	t2,t1,0x19
   1074c:	01035e13          	srli	t3,t1,0x10
   10750:	01235e93          	srli	t4,t1,0x12
   10754:	01b35f13          	srli	t5,t1,0x1b
   10758:	01135f93          	srli	t6,t1,0x11
   1075c:	01c383b3          	add	t2,t2,t3
   10760:	01ee8eb3          	add	t4,t4,t5
   10764:	01f282b3          	add	t0,t0,t6
   10768:	01d383b3          	add	t2,t2,t4
   1076c:	007282b3          	add	t0,t0,t2
   10770:	00542023          	sw	t0,0(s0)
   10774:	00440413          	addi	s0,s0,4

00010778 <srai>:
   10778:	a1b2c2b7          	lui	t0,0xa1b2c
   1077c:	3d428293          	addi	t0,t0,980 # a1b2c3d4 <__data_paddr_start+0x81a2b3cc>
   10780:	4052d293          	srai	t0,t0,0x5
   10784:	4022d293          	srai	t0,t0,0x2
   10788:	4082d293          	srai	t0,t0,0x8
   1078c:	4092d293          	srai	t0,t0,0x9
   10790:	4042d293          	srai	t0,t0,0x4
   10794:	aabf8337          	lui	t1,0xaabf8
   10798:	90c30313          	addi	t1,t1,-1780 # aabf790c <__data_paddr_start+0x8aaf6904>
   1079c:	40d35393          	srai	t2,t1,0xd
   107a0:	40835e13          	srai	t3,t1,0x8
   107a4:	40935e93          	srai	t4,t1,0x9
   107a8:	40e35f13          	srai	t5,t1,0xe
   107ac:	40435f93          	srai	t6,t1,0x4
   107b0:	01c383b3          	add	t2,t2,t3
   107b4:	01ee8eb3          	add	t4,t4,t5
   107b8:	01f282b3          	add	t0,t0,t6
   107bc:	01d383b3          	add	t2,t2,t4
   107c0:	007282b3          	add	t0,t0,t2
   107c4:	00542023          	sw	t0,0(s0)
   107c8:	00440413          	addi	s0,s0,4

000107cc <jalr>:
   107cc:	fffff2b7          	lui	t0,0xfffff
   107d0:	00000317          	auipc	t1,0x0
   107d4:	02030313          	addi	t1,t1,32 # 107f0 <jalr+0x24>
   107d8:	00030367          	jalr	t1,t1
   107dc:	0012e293          	ori	t0,t0,1
   107e0:	00430367          	jalr	t1,4(t1)
   107e4:	0042e293          	ori	t0,t0,4
   107e8:	00430367          	jalr	t1,4(t1)
   107ec:	0102e293          	ori	t0,t0,16
   107f0:	00430367          	jalr	t1,4(t1)
   107f4:	0012e293          	ori	t0,t0,1
   107f8:	00430367          	jalr	t1,4(t1)
   107fc:	0082e293          	ori	t0,t0,8
   10800:	00000317          	auipc	t1,0x0
   10804:	03030313          	addi	t1,t1,48 # 10830 <jalr+0x64>
   10808:	fe0303e7          	jalr	t2,-32(t1)
   1080c:	0202e293          	ori	t0,t0,32
   10810:	fe830e67          	jalr	t3,-24(t1)
   10814:	0402e293          	ori	t0,t0,64
   10818:	ff030ee7          	jalr	t4,-16(t1)
   1081c:	0802e293          	ori	t0,t0,128
   10820:	ff830f67          	jalr	t5,-8(t1)
   10824:	1002e293          	ori	t0,t0,256
   10828:	00030fe7          	jalr	t6,t1
   1082c:	2002e293          	ori	t0,t0,512
   10830:	41c383b3          	sub	t2,t2,t3
   10834:	41ee8eb3          	sub	t4,t4,t5
   10838:	406f8fb3          	sub	t6,t6,t1
   1083c:	01d383b3          	add	t2,t2,t4
   10840:	01f38333          	add	t1,t2,t6
   10844:	006292b3          	sll	t0,t0,t1
   10848:	00542023          	sw	t0,0(s0)
   1084c:	00440413          	addi	s0,s0,4

00010850 <store>:
   10850:	00f00293          	li	t0,15
   10854:	0f000313          	li	t1,240
   10858:	000013b7          	lui	t2,0x1
   1085c:	f0038393          	addi	t2,t2,-256 # f00 <boot+0xde4>
   10860:	0000fe37          	lui	t3,0xf
   10864:	12345eb7          	lui	t4,0x12345
   10868:	678e8e93          	addi	t4,t4,1656 # 12345678 <_end+0x12315678>
   1086c:	01440413          	addi	s0,s0,20
   10870:	fe542e23          	sw	t0,-4(s0)
   10874:	fe642c23          	sw	t1,-8(s0)
   10878:	fe742a23          	sw	t2,-12(s0)
   1087c:	ffc42823          	sw	t3,-16(s0)
   10880:	ffd42623          	sw	t4,-20(s0)
   10884:	01440413          	addi	s0,s0,20
   10888:	fd842f03          	lw	t5,-40(s0)
   1088c:	ff042e83          	lw	t4,-16(s0)
   10890:	ffe42e23          	sw	t5,-4(s0)
   10894:	ffe40c23          	sb	t5,-8(s0)
   10898:	ffe41a23          	sh	t5,-12(s0)
   1089c:	ffe409a3          	sb	t5,-13(s0)
   108a0:	ffe41723          	sh	t5,-18(s0)
   108a4:	ff042283          	lw	t0,-16(s0)
   108a8:	fec42303          	lw	t1,-20(s0)
   108ac:	005303b3          	add	t2,t1,t0
   108b0:	00440413          	addi	s0,s0,4
   108b4:	fe742e23          	sw	t2,-4(s0)

000108b8 <beq>:
   108b8:	fffff2b7          	lui	t0,0xfffff
   108bc:	fffff337          	lui	t1,0xfffff
   108c0:	00001337          	lui	t1,0x1
   108c4:	ff030313          	addi	t1,t1,-16 # ff0 <boot+0xed4>
   108c8:	02628c63          	beq	t0,t1,10900 <beq+0x48>
   108cc:	02628a63          	beq	t0,t1,10900 <beq+0x48>
   108d0:	02628863          	beq	t0,t1,10900 <beq+0x48>
   108d4:	02628663          	beq	t0,t1,10900 <beq+0x48>
   108d8:	02628463          	beq	t0,t1,10900 <beq+0x48>
   108dc:	fffff337          	lui	t1,0xfffff
   108e0:	00001337          	lui	t1,0x1
   108e4:	fff30313          	addi	t1,t1,-1 # fff <boot+0xee3>
   108e8:	00530c63          	beq	t1,t0,10900 <beq+0x48>
   108ec:	00530a63          	beq	t1,t0,10900 <beq+0x48>
   108f0:	00530863          	beq	t1,t0,10900 <beq+0x48>
   108f4:	00530663          	beq	t1,t0,10900 <beq+0x48>
   108f8:	00530463          	beq	t1,t0,10900 <beq+0x48>
   108fc:	0080006f          	j	10904 <beq+0x4c>
   10900:	0012e293          	ori	t0,t0,1
   10904:	fff34313          	not	t1,t1
   10908:	00628463          	beq	t0,t1,10910 <beq+0x58>
   1090c:	0022e293          	ori	t0,t0,2
   10910:	00542023          	sw	t0,0(s0)
   10914:	00440413          	addi	s0,s0,4

00010918 <bne>:
   10918:	fffff2b7          	lui	t0,0xfffff
   1091c:	00001337          	lui	t1,0x1
   10920:	ff030313          	addi	t1,t1,-16 # ff0 <boot+0xed4>
   10924:	fffff337          	lui	t1,0xfffff
   10928:	02629c63          	bne	t0,t1,10960 <bne+0x48>
   1092c:	02629a63          	bne	t0,t1,10960 <bne+0x48>
   10930:	02629863          	bne	t0,t1,10960 <bne+0x48>
   10934:	02629663          	bne	t0,t1,10960 <bne+0x48>
   10938:	02629463          	bne	t0,t1,10960 <bne+0x48>
   1093c:	00001337          	lui	t1,0x1
   10940:	fff30313          	addi	t1,t1,-1 # fff <boot+0xee3>
   10944:	fffff337          	lui	t1,0xfffff
   10948:	00531c63          	bne	t1,t0,10960 <bne+0x48>
   1094c:	00531a63          	bne	t1,t0,10960 <bne+0x48>
   10950:	00531863          	bne	t1,t0,10960 <bne+0x48>
   10954:	00531663          	bne	t1,t0,10960 <bne+0x48>
   10958:	00531463          	bne	t1,t0,10960 <bne+0x48>
   1095c:	0080006f          	j	10964 <bne+0x4c>
   10960:	0012e293          	ori	t0,t0,1
   10964:	fff34313          	not	t1,t1
   10968:	00629463          	bne	t0,t1,10970 <bne+0x58>
   1096c:	0022e293          	ori	t0,t0,2
   10970:	00542023          	sw	t0,0(s0)
   10974:	00440413          	addi	s0,s0,4

00010978 <blt>:
   10978:	fffff2b7          	lui	t0,0xfffff
   1097c:	00001337          	lui	t1,0x1
   10980:	ff030313          	addi	t1,t1,-16 # ff0 <boot+0xed4>
   10984:	ffc28313          	addi	t1,t0,-4 # ffffeffc <__data_paddr_start+0xdfefdff4>
   10988:	0262cc63          	blt	t0,t1,109c0 <blt+0x48>
   1098c:	0262ca63          	blt	t0,t1,109c0 <blt+0x48>
   10990:	0262c863          	blt	t0,t1,109c0 <blt+0x48>
   10994:	0262c663          	blt	t0,t1,109c0 <blt+0x48>
   10998:	0262c463          	blt	t0,t1,109c0 <blt+0x48>
   1099c:	00001337          	lui	t1,0x1
   109a0:	fff30313          	addi	t1,t1,-1 # fff <boot+0xee3>
   109a4:	00428313          	addi	t1,t0,4
   109a8:	00534c63          	blt	t1,t0,109c0 <blt+0x48>
   109ac:	00534a63          	blt	t1,t0,109c0 <blt+0x48>
   109b0:	00534863          	blt	t1,t0,109c0 <blt+0x48>
   109b4:	00534663          	blt	t1,t0,109c0 <blt+0x48>
   109b8:	00534463          	blt	t1,t0,109c0 <blt+0x48>
   109bc:	0080006f          	j	109c4 <blt+0x4c>
   109c0:	0012e293          	ori	t0,t0,1
   109c4:	00001337          	lui	t1,0x1
   109c8:	fff30313          	addi	t1,t1,-1 # fff <boot+0xee3>
   109cc:	0062c463          	blt	t0,t1,109d4 <blt+0x5c>
   109d0:	0022e293          	ori	t0,t0,2
   109d4:	00028313          	mv	t1,t0
   109d8:	0062c463          	blt	t0,t1,109e0 <blt+0x68>
   109dc:	0080006f          	j	109e4 <blt+0x6c>
   109e0:	0042e293          	ori	t0,t0,4
   109e4:	fffff337          	lui	t1,0xfffff
   109e8:	eee30313          	addi	t1,t1,-274 # ffffeeee <__data_paddr_start+0xdfefdee6>
   109ec:	0062c463          	blt	t0,t1,109f4 <blt+0x7c>
   109f0:	0080006f          	j	109f8 <blt+0x80>
   109f4:	0082e293          	ori	t0,t0,8
   109f8:	00542023          	sw	t0,0(s0)
   109fc:	00440413          	addi	s0,s0,4

00010a00 <bge>:
   10a00:	fffff2b7          	lui	t0,0xfffff
   10a04:	fffff337          	lui	t1,0xfffff
   10a08:	00428313          	addi	t1,t0,4 # fffff004 <__data_paddr_start+0xdfefdffc>
   10a0c:	0262da63          	bge	t0,t1,10a40 <bge+0x40>
   10a10:	0262d863          	bge	t0,t1,10a40 <bge+0x40>
   10a14:	0262d663          	bge	t0,t1,10a40 <bge+0x40>
   10a18:	0262d463          	bge	t0,t1,10a40 <bge+0x40>
   10a1c:	0262d263          	bge	t0,t1,10a40 <bge+0x40>
   10a20:	ffff0337          	lui	t1,0xffff0
   10a24:	ffc28313          	addi	t1,t0,-4
   10a28:	00535c63          	bge	t1,t0,10a40 <bge+0x40>
   10a2c:	00535a63          	bge	t1,t0,10a40 <bge+0x40>
   10a30:	00535863          	bge	t1,t0,10a40 <bge+0x40>
   10a34:	00535663          	bge	t1,t0,10a40 <bge+0x40>
   10a38:	00535463          	bge	t1,t0,10a40 <bge+0x40>
   10a3c:	0080006f          	j	10a44 <bge+0x44>
   10a40:	0012e293          	ori	t0,t0,1
   10a44:	00001337          	lui	t1,0x1
   10a48:	fff30313          	addi	t1,t1,-1 # fff <boot+0xee3>
   10a4c:	0062d463          	bge	t0,t1,10a54 <bge+0x54>
   10a50:	0080006f          	j	10a58 <bge+0x58>
   10a54:	0022e293          	ori	t0,t0,2
   10a58:	00028313          	mv	t1,t0
   10a5c:	0062d463          	bge	t0,t1,10a64 <bge+0x64>
   10a60:	0042e293          	ori	t0,t0,4
   10a64:	fffff337          	lui	t1,0xfffff
   10a68:	eee30313          	addi	t1,t1,-274 # ffffeeee <__data_paddr_start+0xdfefdee6>
   10a6c:	0062d463          	bge	t0,t1,10a74 <bge+0x74>
   10a70:	0082e293          	ori	t0,t0,8
   10a74:	00542023          	sw	t0,0(s0)
   10a78:	00440413          	addi	s0,s0,4

00010a7c <bltu>:
   10a7c:	fffff2b7          	lui	t0,0xfffff
   10a80:	f0000313          	li	t1,-256
   10a84:	ffc28313          	addi	t1,t0,-4 # ffffeffc <__data_paddr_start+0xdfefdff4>
   10a88:	0262ea63          	bltu	t0,t1,10abc <bltu+0x40>
   10a8c:	0262e863          	bltu	t0,t1,10abc <bltu+0x40>
   10a90:	0262e663          	bltu	t0,t1,10abc <bltu+0x40>
   10a94:	0262e463          	bltu	t0,t1,10abc <bltu+0x40>
   10a98:	0262e263          	bltu	t0,t1,10abc <bltu+0x40>
   10a9c:	fff00313          	li	t1,-1
   10aa0:	00428313          	addi	t1,t0,4
   10aa4:	00536c63          	bltu	t1,t0,10abc <bltu+0x40>
   10aa8:	00536a63          	bltu	t1,t0,10abc <bltu+0x40>
   10aac:	00536863          	bltu	t1,t0,10abc <bltu+0x40>
   10ab0:	00536663          	bltu	t1,t0,10abc <bltu+0x40>
   10ab4:	00536463          	bltu	t1,t0,10abc <bltu+0x40>
   10ab8:	0080006f          	j	10ac0 <bltu+0x44>
   10abc:	0012e293          	ori	t0,t0,1
   10ac0:	fff00313          	li	t1,-1
   10ac4:	0062e463          	bltu	t0,t1,10acc <bltu+0x50>
   10ac8:	0022e293          	ori	t0,t0,2
   10acc:	00028313          	mv	t1,t0
   10ad0:	0062e463          	bltu	t0,t1,10ad8 <bltu+0x5c>
   10ad4:	0080006f          	j	10adc <bltu+0x60>
   10ad8:	0042e293          	ori	t0,t0,4
   10adc:	00001337          	lui	t1,0x1
   10ae0:	fff30313          	addi	t1,t1,-1 # fff <boot+0xee3>
   10ae4:	0062e463          	bltu	t0,t1,10aec <bltu+0x70>
   10ae8:	0080006f          	j	10af0 <bltu+0x74>
   10aec:	0082e293          	ori	t0,t0,8
   10af0:	00542023          	sw	t0,0(s0)
   10af4:	00440413          	addi	s0,s0,4

00010af8 <bgeu>:
   10af8:	fffff2b7          	lui	t0,0xfffff
   10afc:	fffff337          	lui	t1,0xfffff
   10b00:	00428313          	addi	t1,t0,4 # fffff004 <__data_paddr_start+0xdfefdffc>
   10b04:	0262fc63          	bgeu	t0,t1,10b3c <bgeu+0x44>
   10b08:	0262fa63          	bgeu	t0,t1,10b3c <bgeu+0x44>
   10b0c:	0262f863          	bgeu	t0,t1,10b3c <bgeu+0x44>
   10b10:	0262f663          	bgeu	t0,t1,10b3c <bgeu+0x44>
   10b14:	0262f463          	bgeu	t0,t1,10b3c <bgeu+0x44>
   10b18:	00001337          	lui	t1,0x1
   10b1c:	fff30313          	addi	t1,t1,-1 # fff <boot+0xee3>
   10b20:	ffc28313          	addi	t1,t0,-4
   10b24:	00537c63          	bgeu	t1,t0,10b3c <bgeu+0x44>
   10b28:	00537a63          	bgeu	t1,t0,10b3c <bgeu+0x44>
   10b2c:	00537863          	bgeu	t1,t0,10b3c <bgeu+0x44>
   10b30:	00537663          	bgeu	t1,t0,10b3c <bgeu+0x44>
   10b34:	00537463          	bgeu	t1,t0,10b3c <bgeu+0x44>
   10b38:	0080006f          	j	10b40 <bgeu+0x48>
   10b3c:	0012e293          	ori	t0,t0,1
   10b40:	fff00313          	li	t1,-1
   10b44:	0062f463          	bgeu	t0,t1,10b4c <bgeu+0x54>
   10b48:	0080006f          	j	10b50 <bgeu+0x58>
   10b4c:	0022e293          	ori	t0,t0,2
   10b50:	00028313          	mv	t1,t0
   10b54:	0062f463          	bgeu	t0,t1,10b5c <bgeu+0x64>
   10b58:	0042e293          	ori	t0,t0,4
   10b5c:	00001337          	lui	t1,0x1
   10b60:	fff30313          	addi	t1,t1,-1 # fff <boot+0xee3>
   10b64:	0062f463          	bgeu	t0,t1,10b6c <bgeu+0x74>
   10b68:	0082e293          	ori	t0,t0,8
   10b6c:	00542023          	sw	t0,0(s0)
   10b70:	00440413          	addi	s0,s0,4

00010b74 <auipc>:
   10b74:	00000297          	auipc	t0,0x0
   10b78:	fffff317          	auipc	t1,0xfffff
   10b7c:	13579397          	auipc	t2,0x13579
   10b80:	00730333          	add	t1,t1,t2
   10b84:	006282b3          	add	t0,t0,t1
   10b88:	00542023          	sw	t0,0(s0)
   10b8c:	00440413          	addi	s0,s0,4

00010b90 <lui>:
   10b90:	000002b7          	lui	t0,0x0
   10b94:	fffff337          	lui	t1,0xfffff
   10b98:	135793b7          	lui	t2,0x13579
   10b9c:	00730333          	add	t1,t1,t2
   10ba0:	006282b3          	add	t0,t0,t1
   10ba4:	00542023          	sw	t0,0(s0)
   10ba8:	00440413          	addi	s0,s0,4

00010bac <jal>:
   10bac:	fffff2b7          	lui	t0,0xfffff
   10bb0:	0080036f          	jal	t1,10bb8 <jal+0xc>
   10bb4:	0012e293          	ori	t0,t0,1
   10bb8:	00000397          	auipc	t2,0x0
   10bbc:	00038393          	mv	t2,t2
   10bc0:	40638333          	sub	t1,t2,t1
   10bc4:	006282b3          	add	t0,t0,t1
   10bc8:	00542023          	sw	t0,0(s0)
   10bcc:	00440413          	addi	s0,s0,4

00010bd0 <csrrw>:
   10bd0:	000f02b7          	lui	t0,0xf0
   10bd4:	00828293          	addi	t0,t0,8 # f0008 <_end+0xc0008>
   10bd8:	30029073          	csrw	mstatus,t0
   10bdc:	300013f3          	csrrw	t2,mstatus,zero
   10be0:	30001e73          	csrrw	t3,mstatus,zero
   10be4:	01c38333          	add	t1,t2,t3
   10be8:	00642023          	sw	t1,0(s0)
   10bec:	00440413          	addi	s0,s0,4
   10bf0:	000012b7          	lui	t0,0x1
   10bf4:	a3228293          	addi	t0,t0,-1486 # a32 <boot+0x916>
   10bf8:	30429073          	csrw	mie,t0
   10bfc:	304013f3          	csrrw	t2,mie,zero
   10c00:	30401e73          	csrrw	t3,mie,zero
   10c04:	01c38333          	add	t1,t2,t3
   10c08:	00642023          	sw	t1,0(s0)
   10c0c:	00440413          	addi	s0,s0,4
   10c10:	000e52b7          	lui	t0,0xe5
   10c14:	0f028293          	addi	t0,t0,240 # e50f0 <_end+0xb50f0>
   10c18:	30529073          	csrw	mtvec,t0
   10c1c:	305013f3          	csrrw	t2,mtvec,zero
   10c20:	30501e73          	csrrw	t3,mtvec,zero
   10c24:	01c38333          	add	t1,t2,t3
   10c28:	00642023          	sw	t1,0(s0)
   10c2c:	00440413          	addi	s0,s0,4
   10c30:	000e52b7          	lui	t0,0xe5
   10c34:	0f028293          	addi	t0,t0,240 # e50f0 <_end+0xb50f0>
   10c38:	34129073          	csrw	mepc,t0
   10c3c:	341013f3          	csrrw	t2,mepc,zero
   10c40:	34101e73          	csrrw	t3,mepc,zero
   10c44:	01c38333          	add	t1,t2,t3
   10c48:	00642023          	sw	t1,0(s0)
   10c4c:	00440413          	addi	s0,s0,4
   10c50:	000012b7          	lui	t0,0x1
   10c54:	fff28293          	addi	t0,t0,-1 # fff <boot+0xee3>
   10c58:	34429073          	csrw	mip,t0
   10c5c:	344013f3          	csrrw	t2,mip,zero
   10c60:	34401e73          	csrrw	t3,mip,zero
   10c64:	01c38333          	add	t1,t2,t3
   10c68:	00642023          	sw	t1,0(s0)
   10c6c:	00440413          	addi	s0,s0,4

00010c70 <csrrwi>:
   10c70:	3004d073          	csrwi	mstatus,9
   10c74:	30001373          	csrrw	t1,mstatus,zero
   10c78:	00642023          	sw	t1,0(s0)
   10c7c:	00440413          	addi	s0,s0,4
   10c80:	30505073          	csrwi	mtvec,0
   10c84:	30501373          	csrrw	t1,mtvec,zero
   10c88:	00642023          	sw	t1,0(s0)
   10c8c:	00440413          	addi	s0,s0,4
   10c90:	34185073          	csrwi	mepc,16
   10c94:	34101373          	csrrw	t1,mepc,zero
   10c98:	00642023          	sw	t1,0(s0)
   10c9c:	00440413          	addi	s0,s0,4
   10ca0:	3447d073          	csrwi	mip,15
   10ca4:	34401373          	csrrw	t1,mip,zero
   10ca8:	00642023          	sw	t1,0(s0)
   10cac:	00440413          	addi	s0,s0,4

00010cb0 <csrrs>:
   10cb0:	000f02b7          	lui	t0,0xf0
   10cb4:	00828293          	addi	t0,t0,8 # f0008 <_end+0xc0008>
   10cb8:	000f0337          	lui	t1,0xf0
   10cbc:	00830313          	addi	t1,t1,8 # f0008 <_end+0xc0008>
   10cc0:	30029073          	csrw	mstatus,t0
   10cc4:	300322f3          	csrrs	t0,mstatus,t1
   10cc8:	300013f3          	csrrw	t2,mstatus,zero
   10ccc:	00742023          	sw	t2,0(s0)
   10cd0:	00440413          	addi	s0,s0,4

00010cd4 <csrrsi>:
   10cd4:	000f02b7          	lui	t0,0xf0
   10cd8:	00828293          	addi	t0,t0,8 # f0008 <_end+0xc0008>
   10cdc:	30029073          	csrw	mstatus,t0
   10ce0:	3004e2f3          	csrrsi	t0,mstatus,9
   10ce4:	300013f3          	csrrw	t2,mstatus,zero
   10ce8:	00742023          	sw	t2,0(s0)
   10cec:	00440413          	addi	s0,s0,4

00010cf0 <csrrc>:
   10cf0:	000f22b7          	lui	t0,0xf2
   10cf4:	88828293          	addi	t0,t0,-1912 # f1888 <_end+0xc1888>
   10cf8:	000f2337          	lui	t1,0xf2
   10cfc:	88030313          	addi	t1,t1,-1920 # f1880 <_end+0xc1880>
   10d00:	30029073          	csrw	mstatus,t0
   10d04:	300332f3          	csrrc	t0,mstatus,t1
   10d08:	300013f3          	csrrw	t2,mstatus,zero
   10d0c:	00742023          	sw	t2,0(s0)
   10d10:	00440413          	addi	s0,s0,4

00010d14 <csrrci>:
   10d14:	000f22b7          	lui	t0,0xf2
   10d18:	88828293          	addi	t0,t0,-1912 # f1888 <_end+0xc1888>
   10d1c:	30029073          	csrw	mstatus,t0
   10d20:	3004f2f3          	csrrci	t0,mstatus,9
   10d24:	300013f3          	csrrw	t2,mstatus,zero
   10d28:	00742023          	sw	t2,0(s0)
   10d2c:	00440413          	addi	s0,s0,4

00010d30 <main_exit>:
   10d30:	00012403          	lw	s0,0(sp)
   10d34:	00410113          	addi	sp,sp,4
   10d38:	00008067          	ret
